// Jest Snapshot v1, https://goo.gl/fbAQLP

exports[`attribute directive unsafeHTML mount empty string 1`] = `<div />`;

exports[`attribute directive unsafeHTML mount html 1`] = `
<div>
  <span>
    1
  </span>
</div>
`;

exports[`attribute directive unsafeHTML update empty string to empty string 1`] = `<div />`;

exports[`attribute directive unsafeHTML update empty string to html 1`] = `
<div>
  <span>
    1
  </span>
</div>
`;

exports[`attribute directive unsafeHTML update html to different html 1`] = `
<div>
  <span>
    2
  </span>
</div>
`;

exports[`attribute directive unsafeHTML update html to empty string 1`] = `<div />`;

exports[`attribute directive unsafeHTML update html to same html 1`] = `
<div>
  <span>
    1
  </span>
</div>
`;

exports[`attribute directive unsafeHTML update html to undefined 1`] = `<div />`;

exports[`attribute directive unsafeHTML update undefined to html 1`] = `
<div>
  <span>
    1
  </span>
</div>
`;
