// Jest Snapshot v1, https://goo.gl/fbAQLP

exports[`Events update children 1`] = `2`;
