// Jest Snapshot v1, https://goo.gl/fbAQLP

exports[`#1 1`] = `
<div>
  a
  b
  c
  e
  d
</div>
`;

exports[`#2 1`] = `
<div>
  a
  b
  d
</div>
`;

exports[`#3 1`] = `
<div>
  a
  c
  b
  d
</div>
`;

exports[`#4 1`] = `
<div>
  a
  c
  e
  b
  d
</div>
`;

exports[`#5 1`] = `
<div>
  b
  c
</div>
`;

exports[`#6 1`] = `
<div>
  a
  b
  c
  d
</div>
`;

exports[`#7 1`] = `
<div>
  a
  b
  c
  d
  e
  f
  g
  h
  i
  j
  k
  l
</div>
`;

exports[`#8 1`] = `
<div>
  a
  c
  e
  b
  d
</div>
`;
