// Jest Snapshot v1, https://goo.gl/fbAQLP

exports[`portal 1`] = `
<div>
  <div
    class="portal-root"
  >
    portal-entry
  </div>
  <div>
    <div
      class="main"
    />
  </div>
</div>
`;
