// Jest Snapshot v1, https://goo.gl/fbAQLP

exports[`attribute directive unsafeHTML mount 1`] = `
<div>
  <span>
    1
  </span>
</div>
`;

exports[`attribute directive unsafeHTML mount empty string 1`] = `<div />`;

exports[`attribute directive unsafeHTML update 1`] = `
<div>
  <span>
    2
  </span>
</div>
`;

exports[`attribute directive unsafeHTML update with empty string should not assign innerHTML 1`] = `<div />`;
