// Jest Snapshot v1, https://goo.gl/fbAQLP

exports[`mount element div 1`] = `<div />`;
