// Jest Snapshot v1, https://goo.gl/fbAQLP

exports[`mount svg element circle 1`] = `<circle />`;
